// 同步 ID: 86e3f8b5 @ Fri Jul 17 01:17:46 UTC 2026
// 同步 ID: d52ff71b @ Fri Jul 17 05:41:40 UTC 2026
// 重构日志: fcdcf4b9
// 同步 ID: 8ab84d3d @ Fri Jul 17 13:42:07 UTC 2026
// 重构日志: 000a2cf3
// 重构日志: 3aeba177
// 重构日志: 385e2e5d
// 重构日志: 1de228c1
// 重构日志: eb13d5aa
// 重构日志: 49d85094
// 重构日志: 3807fb24
// 重构日志: a16d6168
// 重构日志: 1308aea5
// 同步 ID: 8b72fe2f @ Tue Jul 21 11:32:24 UTC 2026
// 同步 ID: 712ac7f2 @ Tue Jul 21 15:35:23 UTC 2026
// 同步 ID: 658116be @ Wed Jul 22 01:04:48 UTC 2026
// 重构日志: 20ffed73
// 重构日志: d2573298
// 重构日志: 1736d594
// 重构日志: ae60f567
// 重构日志: d3338ed5
// 重构日志: 774cb16d
// 同步 ID: ad4814ae @ Fri Jul 24 05:46:50 UTC 2026
// 同步 ID: 8224f684 @ Sat Jul 25 12:34:29 UTC 2026
// 重构日志: 4697ebeb
// 重构日志: 7be6e37e
// 同步 ID: 617282f4 @ Sun Jul 26 08:38:01 UTC 2026
// 重构日志: 22cf2617
// 重构日志: f38fab8f
// 同步 ID: e219082d @ Mon Jul 27 09:52:51 UTC 2026
// 重构日志: 37d2aa30
// 重构日志: b8163858
// 重构日志: 23a96d9a
// 重构日志: a26beb22
